// Jest Snapshot v1, https://goo.gl/fbAQLP

exports[`<SummaryText /> matches the snapshot 1`] = `
ShallowWrapper {
  Symbol(enzyme.__root__): [Circular],
  Symbol(enzyme.__unrendered__): <SummaryText
    sentences={
      Array [
        "One",
        "Two",
        "Three",
        "Four",
        "Five",
      ]
    }
  />,
  Symbol(enzyme.__renderer__): Object {
    "batchedUpdates": [Function],
    "getNode": [Function],
    "render": [Function],
    "simulateError": [Function],
    "simulateEvent": [Function],
    "unmount": [Function],
  },
  Symbol(enzyme.__node__): Object {
    "instance": null,
    "key": undefined,
    "nodeType": "host",
    "props": Object {
      "children": Array [
        <p
          className="summarySentence"
        >
          One
        </p>,
        <p
          className="summarySentence"
        >
          Two
        </p>,
        <p
          className="summarySentence"
        >
          Three
        </p>,
        <p
          className="summarySentence"
        >
          Four
        </p>,
        <p
          className="summarySentence"
        >
          Five
        </p>,
      ],
      "className": "summaryText",
    },
    "ref": null,
    "rendered": Array [
      Object {
        "instance": null,
        "key": "0",
        "nodeType": "host",
        "props": Object {
          "children": "One",
          "className": "summarySentence",
        },
        "ref": null,
        "rendered": "One",
        "type": "p",
      },
      Object {
        "instance": null,
        "key": "1",
        "nodeType": "host",
        "props": Object {
          "children": "Two",
          "className": "summarySentence",
        },
        "ref": null,
        "rendered": "Two",
        "type": "p",
      },
      Object {
        "instance": null,
        "key": "2",
        "nodeType": "host",
        "props": Object {
          "children": "Three",
          "className": "summarySentence",
        },
        "ref": null,
        "rendered": "Three",
        "type": "p",
      },
      Object {
        "instance": null,
        "key": "3",
        "nodeType": "host",
        "props": Object {
          "children": "Four",
          "className": "summarySentence",
        },
        "ref": null,
        "rendered": "Four",
        "type": "p",
      },
      Object {
        "instance": null,
        "key": "4",
        "nodeType": "host",
        "props": Object {
          "children": "Five",
          "className": "summarySentence",
        },
        "ref": null,
        "rendered": "Five",
        "type": "p",
      },
    ],
    "type": "article",
  },
  Symbol(enzyme.__nodes__): Array [
    Object {
      "instance": null,
      "key": undefined,
      "nodeType": "host",
      "props": Object {
        "children": Array [
          <p
            className="summarySentence"
          >
            One
          </p>,
          <p
            className="summarySentence"
          >
            Two
          </p>,
          <p
            className="summarySentence"
          >
            Three
          </p>,
          <p
            className="summarySentence"
          >
            Four
          </p>,
          <p
            className="summarySentence"
          >
            Five
          </p>,
        ],
        "className": "summaryText",
      },
      "ref": null,
      "rendered": Array [
        Object {
          "instance": null,
          "key": "0",
          "nodeType": "host",
          "props": Object {
            "children": "One",
            "className": "summarySentence",
          },
          "ref": null,
          "rendered": "One",
          "type": "p",
        },
        Object {
          "instance": null,
          "key": "1",
          "nodeType": "host",
          "props": Object {
            "children": "Two",
            "className": "summarySentence",
          },
          "ref": null,
          "rendered": "Two",
          "type": "p",
        },
        Object {
          "instance": null,
          "key": "2",
          "nodeType": "host",
          "props": Object {
            "children": "Three",
            "className": "summarySentence",
          },
          "ref": null,
          "rendered": "Three",
          "type": "p",
        },
        Object {
          "instance": null,
          "key": "3",
          "nodeType": "host",
          "props": Object {
            "children": "Four",
            "className": "summarySentence",
          },
          "ref": null,
          "rendered": "Four",
          "type": "p",
        },
        Object {
          "instance": null,
          "key": "4",
          "nodeType": "host",
          "props": Object {
            "children": "Five",
            "className": "summarySentence",
          },
          "ref": null,
          "rendered": "Five",
          "type": "p",
        },
      ],
      "type": "article",
    },
  ],
  Symbol(enzyme.__options__): Object {
    "adapter": ReactSixteenAdapter {
      "options": Object {
        "enableComponentDidUpdateOnSetState": true,
        "lifecycles": Object {
          "componentDidUpdate": Object {
            "onSetState": true,
          },
          "getDerivedStateFromProps": true,
          "getSnapshotBeforeUpdate": true,
          "setState": Object {
            "skipsComponentDidUpdateOnNullish": true,
          },
        },
      },
    },
  },
}
`;
